running develop
running egg_info
creating robot_bringup.egg-info
writing robot_bringup.egg-info/PKG-INFO
writing dependency_links to robot_bringup.egg-info/dependency_links.txt
writing entry points to robot_bringup.egg-info/entry_points.txt
writing requirements to robot_bringup.egg-info/requires.txt
writing top-level names to robot_bringup.egg-info/top_level.txt
writing manifest file 'robot_bringup.egg-info/SOURCES.txt'
reading manifest file 'robot_bringup.egg-info/SOURCES.txt'
writing manifest file 'robot_bringup.egg-info/SOURCES.txt'
running build_ext
Creating /home/ditee/ros2_ws/install/robot_bringup/lib/python3.10/site-packages/robot-bringup.egg-link (link to .)
Installing esp32_bridge_node script to /home/ditee/ros2_ws/install/robot_bringup/lib/robot_bringup

Installed /home/ditee/ros2_ws/build/robot_bringup
running symlink_data
creating /home/ditee/ros2_ws/install/robot_bringup/share/ament_index
creating /home/ditee/ros2_ws/install/robot_bringup/share/ament_index/resource_index
creating /home/ditee/ros2_ws/install/robot_bringup/share/ament_index/resource_index/packages
symbolically linking /home/ditee/ros2_ws/build/robot_bringup/resource/robot_bringup -> /home/ditee/ros2_ws/install/robot_bringup/share/ament_index/resource_index/packages
symbolically linking /home/ditee/ros2_ws/build/robot_bringup/package.xml -> /home/ditee/ros2_ws/install/robot_bringup/share/robot_bringup
creating /home/ditee/ros2_ws/install/robot_bringup/share/robot_bringup/launch
symbolically linking /home/ditee/ros2_ws/build/robot_bringup/launch/bringup_launch.py -> /home/ditee/ros2_ws/install/robot_bringup/share/robot_bringup/launch
creating /home/ditee/ros2_ws/install/robot_bringup/share/robot_bringup/config
symbolically linking /home/ditee/ros2_ws/build/robot_bringup/config/robot_bringup.yaml -> /home/ditee/ros2_ws/install/robot_bringup/share/robot_bringup/config
symbolically linking /home/ditee/ros2_ws/build/robot_bringup/config/mapper_params_online_async.yaml -> /home/ditee/ros2_ws/install/robot_bringup/share/robot_bringup/config
symbolically linking /home/ditee/ros2_ws/build/robot_bringup/config/ekf.yaml -> /home/ditee/ros2_ws/install/robot_bringup/share/robot_bringup/config
